Archive member included because of file (symbol)

c:/freescale/kds_v3/toolchain/bin/../lib/gcc/arm-none-eabi/4.8.4/armv6-m\libgcc.a(_udivsi3.o)
                              ./Sources/conversion.o (__aeabi_uidiv)
c:/freescale/kds_v3/toolchain/bin/../lib/gcc/arm-none-eabi/4.8.4/armv6-m\libgcc.a(_dvmd_tls.o)
                              c:/freescale/kds_v3/toolchain/bin/../lib/gcc/arm-none-eabi/4.8.4/armv6-m\libgcc.a(_udivsi3.o) (__aeabi_idiv0)
c:/freescale/kds_v3/toolchain/bin/../lib/gcc/arm-none-eabi/4.8.4/../../../../arm-none-eabi/lib/armv6-m\libg_s.a(lib_a-exit.o)
                              c:/freescale/kds_v3/toolchain/bin/../lib/gcc/arm-none-eabi/4.8.4/../../../../arm-none-eabi/lib/armv6-m/crt0.o (exit)
c:/freescale/kds_v3/toolchain/bin/../lib/gcc/arm-none-eabi/4.8.4/../../../../arm-none-eabi/lib/armv6-m\libg_s.a(lib_a-impure.o)
                              c:/freescale/kds_v3/toolchain/bin/../lib/gcc/arm-none-eabi/4.8.4/../../../../arm-none-eabi/lib/armv6-m\libg_s.a(lib_a-exit.o) (_global_impure_ptr)
c:/freescale/kds_v3/toolchain/bin/../lib/gcc/arm-none-eabi/4.8.4/../../../../arm-none-eabi/lib/armv6-m\libg_s.a(lib_a-init.o)
                              c:/freescale/kds_v3/toolchain/bin/../lib/gcc/arm-none-eabi/4.8.4/../../../../arm-none-eabi/lib/armv6-m/crt0.o (__libc_init_array)
c:/freescale/kds_v3/toolchain/bin/../lib/gcc/arm-none-eabi/4.8.4/../../../../arm-none-eabi/lib/armv6-m\libg_s.a(lib_a-malloc.o)
                              ./Sources/circbuf.o (malloc)
c:/freescale/kds_v3/toolchain/bin/../lib/gcc/arm-none-eabi/4.8.4/../../../../arm-none-eabi/lib/armv6-m\libg_s.a(lib_a-memcpy-stub.o)
                              ./Sources/project1.o (memcpy)
c:/freescale/kds_v3/toolchain/bin/../lib/gcc/arm-none-eabi/4.8.4/../../../../arm-none-eabi/lib/armv6-m\libg_s.a(lib_a-memset.o)
                              c:/freescale/kds_v3/toolchain/bin/../lib/gcc/arm-none-eabi/4.8.4/../../../../arm-none-eabi/lib/armv6-m/crt0.o (memset)
c:/freescale/kds_v3/toolchain/bin/../lib/gcc/arm-none-eabi/4.8.4/../../../../arm-none-eabi/lib/armv6-m\libg_s.a(lib_a-nano-freer.o)
                              c:/freescale/kds_v3/toolchain/bin/../lib/gcc/arm-none-eabi/4.8.4/../../../../arm-none-eabi/lib/armv6-m\libg_s.a(lib_a-malloc.o) (_free_r)
c:/freescale/kds_v3/toolchain/bin/../lib/gcc/arm-none-eabi/4.8.4/../../../../arm-none-eabi/lib/armv6-m\libg_s.a(lib_a-nano-mallocr.o)
                              c:/freescale/kds_v3/toolchain/bin/../lib/gcc/arm-none-eabi/4.8.4/../../../../arm-none-eabi/lib/armv6-m\libg_s.a(lib_a-malloc.o) (_malloc_r)
c:/freescale/kds_v3/toolchain/bin/../lib/gcc/arm-none-eabi/4.8.4/../../../../arm-none-eabi/lib/armv6-m\libg_s.a(lib_a-printf.o)
                              ./Sources/data.o (printf)
c:/freescale/kds_v3/toolchain/bin/../lib/gcc/arm-none-eabi/4.8.4/../../../../arm-none-eabi/lib/armv6-m\libg_s.a(lib_a-puts.o)
                              ./Sources/project1.o (puts)
c:/freescale/kds_v3/toolchain/bin/../lib/gcc/arm-none-eabi/4.8.4/../../../../arm-none-eabi/lib/armv6-m\libg_s.a(lib_a-sbrkr.o)
                              c:/freescale/kds_v3/toolchain/bin/../lib/gcc/arm-none-eabi/4.8.4/../../../../arm-none-eabi/lib/armv6-m\libg_s.a(lib_a-nano-mallocr.o) (_sbrk_r)
c:/freescale/kds_v3/toolchain/bin/../lib/gcc/arm-none-eabi/4.8.4/../../../../arm-none-eabi/lib/armv6-m\libg_s.a(lib_a-vfprintf.o)
                              c:/freescale/kds_v3/toolchain/bin/../lib/gcc/arm-none-eabi/4.8.4/../../../../arm-none-eabi/lib/armv6-m\libg_s.a(lib_a-printf.o) (_vfprintf_r)
c:/freescale/kds_v3/toolchain/bin/../lib/gcc/arm-none-eabi/4.8.4/../../../../arm-none-eabi/lib/armv6-m\libg_s.a(lib_a-vfprintf_i.o)
                              c:/freescale/kds_v3/toolchain/bin/../lib/gcc/arm-none-eabi/4.8.4/../../../../arm-none-eabi/lib/armv6-m\libg_s.a(lib_a-vfprintf.o) (_printf_i)
c:/freescale/kds_v3/toolchain/bin/../lib/gcc/arm-none-eabi/4.8.4/../../../../arm-none-eabi/lib/armv6-m\libg_s.a(lib_a-wbuf.o)
                              c:/freescale/kds_v3/toolchain/bin/../lib/gcc/arm-none-eabi/4.8.4/../../../../arm-none-eabi/lib/armv6-m\libg_s.a(lib_a-puts.o) (__swbuf_r)
c:/freescale/kds_v3/toolchain/bin/../lib/gcc/arm-none-eabi/4.8.4/../../../../arm-none-eabi/lib/armv6-m\libg_s.a(lib_a-wsetup.o)
                              c:/freescale/kds_v3/toolchain/bin/../lib/gcc/arm-none-eabi/4.8.4/../../../../arm-none-eabi/lib/armv6-m\libg_s.a(lib_a-puts.o) (__swsetup_r)
c:/freescale/kds_v3/toolchain/bin/../lib/gcc/arm-none-eabi/4.8.4/../../../../arm-none-eabi/lib/armv6-m\libg_s.a(lib_a-fflush.o)
                              c:/freescale/kds_v3/toolchain/bin/../lib/gcc/arm-none-eabi/4.8.4/../../../../arm-none-eabi/lib/armv6-m\libg_s.a(lib_a-wbuf.o) (_fflush_r)
c:/freescale/kds_v3/toolchain/bin/../lib/gcc/arm-none-eabi/4.8.4/../../../../arm-none-eabi/lib/armv6-m\libg_s.a(lib_a-findfp.o)
[...]
Memory Configuration

Name             Origin             Length             Attributes
m_interrupts     0x00000000         0x00000100         xr
m_flash_config   0x00000400         0x00000010         xr
m_text           0x00000410         0x0001fbf0         xr
m_data           0x1ffff000         0x00004000         rw
*default*        0x00000000         0xffffffff

Linker script and memory map

LOAD c:/freescale/kds_v3/toolchain/bin/../lib/gcc/arm-none-eabi/4.8.4/armv6-m/crti.o
LOAD c:/freescale/kds_v3/toolchain/bin/../lib/gcc/arm-none-eabi/4.8.4/armv6-m/crtbegin.o
LOAD c:/freescale/kds_v3/toolchain/bin/../lib/gcc/arm-none-eabi/4.8.4/../../../../arm-none-eabi/lib/armv6-m/crt0.o
LOAD ./Sources/circbuf.o
LOAD ./Sources/conversion.o
LOAD ./Sources/data.o
LOAD ./Sources/main.o
LOAD ./Sources/memory.o
LOAD ./Sources/port.o
LOAD ./Sources/project1.o
LOAD ./Sources/project2.o
LOAD ./Sources/uart.o
LOAD ./Project_Settings/Startup_Code/startup_MKL25Z4.o
LOAD ./Project_Settings/Startup_Code/system_MKL25Z4.o
LOAD c:/freescale/kds_v3/toolchain/bin/../lib/gcc/arm-none-eabi/4.8.4/../../../../arm-none-eabi/lib/armv6-m\libstdc++_s.a
LOAD c:/freescale/kds_v3/toolchain/bin/../lib/gcc/arm-none-eabi/4.8.4/../../../../arm-none-eabi/lib/armv6-m\libm.a
START GROUP
LOAD c:/freescale/kds_v3/toolchain/bin/../lib/gcc/arm-none-eabi/4.8.4/armv6-m\libgcc.a
LOAD c:/freescale/kds_v3/toolchain/bin/../lib/gcc/arm-none-eabi/4.8.4/../../../../arm-none-eabi/lib/armv6-m\libg_s.a
LOAD c:/freescale/kds_v3/toolchain/bin/../lib/gcc/arm-none-eabi/4.8.4/../../../../arm-none-eabi/lib/armv6-m\libc_s.a
END GROUP
START GROUP
LOAD c:/freescale/kds_v3/toolchain/bin/../lib/gcc/arm-none-eabi/4.8.4/armv6-m\libgcc.a
LOAD c:/freescale/kds_v3/toolchain/bin/../lib/gcc/arm-none-eabi/4.8.4/../../../../arm-none-eabi/lib/armv6-m\libc_s.a
LOAD c:/freescale/kds_v3/toolchain/bin/../lib/gcc/arm-none-eabi/4.8.4/../../../../arm-none-eabi/lib/armv6-m\libnosys.a
END GROUP
START GROUP
LOAD c:/freescale/kds_v3/toolchain/bin/../lib/gcc/arm-none-eabi/4.8.4/armv6-m\libgcc.a
LOAD c:/freescale/kds_v3/toolchain/bin/../lib/gcc/arm-none-eabi/4.8.4/../../../../arm-none-eabi/lib/armv6-m\libc_s.a
LOAD c:/freescale/kds_v3/toolchain/bin/../lib/gcc/arm-none-eabi/4.8.4/../../../../arm-none-eabi/lib/armv6-m\libnosys.a
END GROUP
LOAD c:/freescale/kds_v3/toolchain/bin/../lib/gcc/arm-none-eabi/4.8.4/armv6-m/crtend.o
LOAD c:/freescale/kds_v3/toolchain/bin/../lib/gcc/arm-none-eabi/4.8.4/armv6-m/crtn.o
                0x00000400                HEAP_SIZE = DEFINED (__heap_size__)?__heap_size__:0x400
                0x00000400                STACK_SIZE = DEFINED (__stack_size__)?__stack_size__:0x400

.interrupts     0x00000000       0xc0
                0x00000000                __VECTOR_TABLE = .
                0x00000000                . = ALIGN (0x4)
 *(.isr_vector)
 .isr_vector    0x00000000       0xc0 ./Project_Settings/Startup_Code/startup_MKL25Z4.o
                0x00000000                __isr_vector
                0x000000c0                . = ALIGN (0x4)

.flash_config   0x00000400       0x10
                0x00000400                . = ALIGN (0x4)
 *(.FlashConfig)
 .FlashConfig   0x00000400       0x10 ./Project_Settings/Startup_Code/startup_MKL25Z4.o
                0x00000410                . = ALIGN (0x4)

.text           0x00000410     0x12dc
                0x00000410                . = ALIGN (0x4)
 *(.text)
 .text          0x00000410       0x60 c:/freescale/kds_v3/toolchain/bin/../lib/gcc/arm-none-eabi/4.8.4/armv6-m/crtbegin.o
 .text          0x00000470       0x78 c:/freescale/kds_v3/toolchain/bin/../lib/gcc/arm-none-eabi/4.8.4/../../../../arm-none-eabi/lib/armv6-m/crt0.o
                0x00000470                _start
                0x00000470                _mainCRTStartup
 .text          0x000004e8       0x34 ./Project_Settings/Startup_Code/startup_MKL25Z4.o
                0x000004e8                Reset_Handler
                0x00000514                HardFault_Handler
                0x00000514                SysTick_Handler
                0x00000514                PendSV_Handler
                0x00000514                NMI_Handler
                0x00000514                I2C1_IRQHandler
                0x00000514                UART1_IRQHandler
                0x00000514                DMA2_IRQHandler
                0x00000514                TPM0_IRQHandler
                0x00000514                LLWU_IRQHandler
                0x00000514                TSI0_IRQHandler
                0x00000514                ADC0_IRQHandler
                0x00000514                Reserved39_IRQHandler
                0x00000514                SPI1_IRQHandler
                0x00000514                DefaultISR
                0x00000514                PORTD_IRQHandler
                0x00000514                TPM2_IRQHandler
                0x00000514                RTC_IRQHandler
                0x00000514                I2C0_IRQHandler
                0x00000514                RTC_Seconds_IRQHandler
                0x00000514                MCG_IRQHandler
                0x00000514                UART2_IRQHandler
                0x00000514                Reserved20_IRQHandler
                0x00000514                USB0_IRQHandler
                0x00000514                PIT_IRQHandler
                0x00000514                SVC_Handler
                0x00000514                DMA3_IRQHandler
                0x00000514                DMA0_IRQHandler
                0x00000514                DAC0_IRQHandler
                0x00000514                Reserved45_IRQHandler
                0x00000514                TPM1_IRQHandler
                0x00000514                LVD_LVW_IRQHandler
                0x00000514                SPI0_IRQHandler
                0x00000514                PORTA_IRQHandler
                0x00000514                FTFA_IRQHandler
                0x00000514                LPTMR0_IRQHandler
                0x00000514                CMP0_IRQHandler
                0x00000514                DMA1_IRQHandler
 .text          0x0000051c       0x9c c:/freescale/kds_v3/toolchain/bin/../lib/gcc/arm-none-eabi/4.8.4/armv6-m\libgcc.a(_udivsi3.o)
                0x0000051c                __aeabi_uidiv
                0x0000051c                __udivsi3
                0x000005a4                __aeabi_uidivmod
 .text          0x000005b8        0x4 c:/freescale/kds_v3/toolchain/bin/../lib/gcc/arm-none-eabi/4.8.4/armv6-m\libgcc.a(_dvmd_tls.o)
                0x000005b8                __aeabi_idiv0
                0x000005b8                __aeabi_ldiv0
 *(.text*)
 .text.CB_init  0x000005bc       0x70 ./Sources/circbuf.o
                0x000005bc                CB_init
 .text.CB_buffer_add_item
                0x0000062c       0x6c ./Sources/circbuf.o
                0x0000062c                CB_buffer_add_item
 .text.CB_buffer_remove_item
                0x00000698       0x74 ./Sources/circbuf.o
                0x00000698                CB_buffer_remove_item
 .text.my_itoa  0x0000070c      0x174 ./Sources/conversion.o
                0x0000070c                my_itoa
 .text.main     0x00000880       0x10 ./Sources/main.o
                0x00000880                main
 .text.GPIO_Configure
                0x00000890       0x90 ./Sources/port.o
                0x00000890                GPIO_Configure
 .text.PORTD_Clear
                0x00000920       0x30 ./Sources/port.o
                0x00000920                PORTD_Clear
 .text.project2
                0x00000950      0x428 ./Sources/project2.o
                0x00000950                project2
 .text.stat_update
                0x00000d78       0x90 ./Sources/project2.o
                0x00000d78                stat_update
 .text.ispunc   0x00000e08       0x84 ./Sources/project2.o
                0x00000e08                ispunc
 .text.NVIC_EnableIRQ
                0x00000e8c       0x2c ./Sources/uart.o
 .text.NVIC_ClearPendingIRQ
                0x00000eb8       0x2c ./Sources/uart.o
 .text.NVIC_SetPriority
                0x00000ee4       0xe0 ./Sources/uart.o
 .text.UART_configure
                0x00000fc4      0x150 ./Sources/uart.o
                0x00000fc4                UART_configure
 .text.UART_send
                0x00001114       0x60 ./Sources/uart.o
                0x00001114                UART_send
 .text.UART_send_n
                0x00001174       0x74 ./Sources/uart.o
                0x00001174                UART_send_n
 .text.UART_receive
                0x000011e8       0x54 ./Sources/uart.o
                0x000011e8                UART_receive
 .text.UART0_IRQHandler
                0x0000123c       0xfc ./Sources/uart.o
                0x0000123c                UART0_IRQHandler
 .text.UART_send_string
                0x00001338       0x48 ./Sources/uart.o
                0x00001338                UART_send_string
 .text.SystemInit
                0x00001380       0x18 ./Project_Settings/Startup_Code/system_MKL25Z4.o
                0x00001380                SystemInit
 .text.exit     0x00001398       0x2c c:/freescale/kds_v3/toolchain/bin/../lib/gcc/arm-none-eabi/4.8.4/../../../../arm-none-eabi/lib/armv6-m\libg_s.a(lib_a-exit.o)
                0x00001398                exit
 .text.__libc_init_array
                0x000013c4       0x4c c:/freescale/kds_v3/toolchain/bin/../lib/gcc/arm-none-eabi/4.8.4/../../../../arm-none-eabi/lib/armv6-m\libg_s.a(lib_a-init.o)
                0x000013c4                __libc_init_array
 .text.malloc   0x00001410       0x14 c:/freescale/kds_v3/toolchain/bin/../lib/gcc/arm-none-eabi/4.8.4/../../../../arm-none-eabi/lib/armv6-m\libg_s.a(lib_a-malloc.o)
                0x00001410                malloc
 .text.memset   0x00001424       0x10 c:/freescale/kds_v3/toolchain/bin/../lib/gcc/arm-none-eabi/4.8.4/../../../../arm-none-eabi/lib/armv6-m\libg_s.a(lib_a-memset.o)
                0x00001424                memset
 .text._malloc_r
                0x00001434       0xa8 c:/freescale/kds_v3/toolchain/bin/../lib/gcc/arm-none-eabi/4.8.4/../../../../arm-none-eabi/lib/armv6-m\libg_s.a(lib_a-nano-mallocr.o)
                0x00001434                _malloc_r
 .text._sbrk_r  0x000014dc       0x24 c:/freescale/kds_v3/toolchain/bin/../lib/gcc/arm-none-eabi/4.8.4/../../../../arm-none-eabi/lib/armv6-m\libg_s.a(lib_a-sbrkr.o)
                0x000014dc                _sbrk_r
 .text._sbrk    0x00001500       0x34 c:/freescale/kds_v3/toolchain/bin/../lib/gcc/arm-none-eabi/4.8.4/../../../../arm-none-eabi/lib/armv6-m\libnosys.a(sbrk.o)
                0x00001500                _sbrk
 .text._exit    0x00001534        0x4 c:/freescale/kds_v3/toolchain/bin/../lib/gcc/arm-none-eabi/4.8.4/../../../../arm-none-eabi/lib/armv6-m\libnosys.a(_exit.o)
                0x00001534                _exit
 *(.rodata)
 .rodata        0x00001538      0x134 ./Sources/project2.o
 *(.rodata*)
 .rodata.str1.1
                0x0000166c        0x2 c:/freescale/kds_v3/toolchain/bin/../lib/gcc/arm-none-eabi/4.8.4/../../../../arm-none-eabi/lib/armv6-m\libg_s.a(lib_a-impure.o)
 *fill*         0x0000166e        0x2 
 .rodata._global_impure_ptr
                0x00001670        0x4 c:/freescale/kds_v3/toolchain/bin/../lib/gcc/arm-none-eabi/4.8.4/../../../../arm-none-eabi/lib/armv6-m\libg_s.a(lib_a-impure.o)
                0x00001670                _global_impure_ptr
 .rodata.__sf_fake_stdin
                0x00001674       0x20 c:/freescale/kds_v3/toolchain/bin/../lib/gcc/arm-none-eabi/4.8.4/../../../../arm-none-eabi/lib/armv6-m\libg_s.a(lib_a-findfp.o)
                0x00001674                __sf_fake_stdin
 .rodata.__sf_fake_stdout
                0x00001694       0x20 c:/freescale/kds_v3/toolchain/bin/../lib/gcc/arm-none-eabi/4.8.4/../../../../arm-none-eabi/lib/armv6-m\libg_s.a(lib_a-findfp.o)
                0x00001694                __sf_fake_stdout
 .rodata.__sf_fake_stderr
                0x000016b4       0x20 c:/freescale/kds_v3/toolchain/bin/../lib/gcc/arm-none-eabi/4.8.4/../../../../arm-none-eabi/lib/armv6-m\libg_s.a(lib_a-findfp.o)
                0x000016b4                __sf_fake_stderr
 *(.glue_7)
 .glue_7        0x00000000        0x0 linker stubs
 *(.glue_7t)
 .glue_7t       0x00000000        0x0 linker stubs
 *(.eh_frame)
 .eh_frame      0x000016d4        0x0 c:/freescale/kds_v3/toolchain/bin/../lib/gcc/arm-none-eabi/4.8.4/armv6-m/crtbegin.o
 *(.init)
 .init          0x000016d4        0x4 c:/freescale/kds_v3/toolchain/bin/../lib/gcc/arm-none-eabi/4.8.4/armv6-m/crti.o
                0x000016d4                _init
 .init          0x000016d8        0x8 c:/freescale/kds_v3/toolchain/bin/../lib/gcc/arm-none-eabi/4.8.4/armv6-m/crtn.o
 *(.fini)
 .fini          0x000016e0        0x4 c:/freescale/kds_v3/toolchain/bin/../lib/gcc/arm-none-eabi/4.8.4/armv6-m/crti.o
                0x000016e0                _fini
 .fini          0x000016e4        0x8 c:/freescale/kds_v3/toolchain/bin/../lib/gcc/arm-none-eabi/4.8.4/armv6-m/crtn.o
                0x000016ec                . = ALIGN (0x4)

.vfp11_veneer   0x000016ec        0x0
 .vfp11_veneer  0x00000000        0x0 linker stubs

.v4_bx          0x000016ec        0x0
 .v4_bx         0x00000000        0x0 linker stubs

.iplt           0x000016ec        0x0
 .iplt          0x00000000        0x0 c:/freescale/kds_v3/toolchain/bin/../lib/gcc/arm-none-eabi/4.8.4/armv6-m/crtbegin.o

.ARM.extab
 *(.ARM.extab* .gnu.linkonce.armextab.*)

.ARM            0x000016ec        0x8
                0x000016ec                __exidx_start = .
 *(.ARM.exidx*)
 .ARM.exidx     0x000016ec        0x8 c:/freescale/kds_v3/toolchain/bin/../lib/gcc/arm-none-eabi/4.8.4/../../../../arm-none-eabi/lib/armv6-m/crt0.o
                0x000016f4                __exidx_end = .

.rel.dyn        0x000016f4        0x0
 .rel.iplt      0x00000000        0x0 c:/freescale/kds_v3/toolchain/bin/../lib/gcc/arm-none-eabi/4.8.4/armv6-m/crtbegin.o

.ctors          0x000016f4        0x0
                0x000016f4                __CTOR_LIST__ = .
 *crtbegin.o(.ctors)
 *crtbegin?.o(.ctors)
 *(EXCLUDE_FILE(*crtend.o *crtend?.o) .ctors)
 *(SORT(.ctors.*))
 *(.ctors)
                0x000016f4                __CTOR_END__ = .

.dtors          0x000016f4        0x0
                0x000016f4                __DTOR_LIST__ = .
 *crtbegin.o(.dtors)
 *crtbegin?.o(.dtors)
 *(EXCLUDE_FILE(*crtend.o *crtend?.o) .dtors)
 *(SORT(.dtors.*))
 *(.dtors)
                0x000016f4                __DTOR_END__ = .

.preinit_array  0x000016f4        0x0
                0x000016f4                PROVIDE (__preinit_array_start, .)
 *(.preinit_array*)
                0x000016f4                PROVIDE (__preinit_array_end, .)

.init_array     0x000016f4        0x4
                0x000016f4                PROVIDE (__init_array_start, .)
 *(SORT(.init_array.*))
 *(.init_array*)
 .init_array    0x000016f4        0x4 c:/freescale/kds_v3/toolchain/bin/../lib/gcc/arm-none-eabi/4.8.4/armv6-m/crtbegin.o
                0x000016f8                PROVIDE (__init_array_end, .)

.fini_array     0x000016f8        0x4
                0x000016f8                PROVIDE (__fini_array_start, .)
 *(SORT(.fini_array.*))
 *(.fini_array*)
 .fini_array    0x000016f8        0x4 c:/freescale/kds_v3/toolchain/bin/../lib/gcc/arm-none-eabi/4.8.4/armv6-m/crtbegin.o
                0x000016fc                PROVIDE (__fini_array_end, .)
                0x000016fc                __etext = .
                0x000016fc                __DATA_ROM = .

.mtb            0x1ffff000        0x0
                0x1ffff000                . = ALIGN (0x8)
                0x1ffff000                _mtb_start = .
 *(.mtb_buf)
                0x1ffff000                . = ALIGN (0x8)
                0x1ffff000                _mtb_end = .

.data           0x1ffff000       0x68 load address 0x000016fc
                0x1ffff000                . = ALIGN (0x4)
                0x1ffff000                __DATA_RAM = .
                0x1ffff000                __data_start__ = .
 *(.data)
 *(.data*)
 .data.impure_data
                0x1ffff000       0x60 c:/freescale/kds_v3/toolchain/bin/../lib/gcc/arm-none-eabi/4.8.4/../../../../arm-none-eabi/lib/armv6-m\libg_s.a(lib_a-impure.o)
 .data._impure_ptr
                0x1ffff060        0x4 c:/freescale/kds_v3/toolchain/bin/../lib/gcc/arm-none-eabi/4.8.4/../../../../arm-none-eabi/lib/armv6-m\libg_s.a(lib_a-impure.o)
                0x1ffff060                _impure_ptr
 *(.jcr*)
 .jcr           0x1ffff064        0x0 c:/freescale/kds_v3/toolchain/bin/../lib/gcc/arm-none-eabi/4.8.4/armv6-m/crtbegin.o
 .jcr           0x1ffff064        0x4 c:/freescale/kds_v3/toolchain/bin/../lib/gcc/arm-none-eabi/4.8.4/armv6-m/crtend.o
                0x1ffff068                . = ALIGN (0x4)
                0x1ffff068                __data_end__ = .
                0x00001764                __DATA_END = (__DATA_ROM + (__data_end__ - __data_start__))

.igot.plt       0x1ffff068        0x0 load address 0x00001764
 .igot.plt      0x00000000        0x0 c:/freescale/kds_v3/toolchain/bin/../lib/gcc/arm-none-eabi/4.8.4/armv6-m/crtbegin.o

.bss            0x1ffff068       0x44 load address 0x00001764
                0x1ffff068                . = ALIGN (0x4)
                0x1ffff068                __START_BSS = .
                0x1ffff068                __bss_start__ = .
 *(.bss)
 .bss           0x1ffff068       0x1c c:/freescale/kds_v3/toolchain/bin/../lib/gcc/arm-none-eabi/4.8.4/armv6-m/crtbegin.o
 *(.bss*)
 .bss.alph      0x1ffff084        0x4 ./Sources/project2.o
                0x1ffff084                alph
 .bss.numb      0x1ffff088        0x4 ./Sources/project2.o
                0x1ffff088                numb
 .bss.punc      0x1ffff08c        0x4 ./Sources/project2.o
                0x1ffff08c                punc
 .bss.misc      0x1ffff090        0x4 ./Sources/project2.o
                0x1ffff090                misc
 .bss.__malloc_sbrk_start
                0x1ffff094        0x4 c:/freescale/kds_v3/toolchain/bin/../lib/gcc/arm-none-eabi/4.8.4/../../../../arm-none-eabi/lib/armv6-m\libg_s.a(lib_a-nano-mallocr.o)
                0x1ffff094                __malloc_sbrk_start
 .bss.__malloc_free_list
                0x1ffff098        0x4 c:/freescale/kds_v3/toolchain/bin/../lib/gcc/arm-none-eabi/4.8.4/../../../../arm-none-eabi/lib/armv6-m\libg_s.a(lib_a-nano-mallocr.o)
                0x1ffff098                __malloc_free_list
 .bss.heap_end.4246
                0x1ffff09c        0x4 c:/freescale/kds_v3/toolchain/bin/../lib/gcc/arm-none-eabi/4.8.4/../../../../arm-none-eabi/lib/armv6-m\libnosys.a(sbrk.o)
 *(COMMON)
 COMMON         0x1ffff0a0        0x8 ./Sources/project2.o
                0x1ffff0a0                CB_tx
                0x1ffff0a4                CB_rx
 COMMON         0x1ffff0a8        0x4 c:/freescale/kds_v3/toolchain/bin/../lib/gcc/arm-none-eabi/4.8.4/../../../../arm-none-eabi/lib/armv6-m\libg_s.a(lib_a-reent.o)
                0x1ffff0a8                errno
                0x1ffff0ac                . = ALIGN (0x4)
                0x1ffff0ac                __bss_end__ = .
                0x1ffff0ac                __END_BSS = .

.heap           0x1ffff0ac      0x404 load address 0x000017a8
                0x1ffff0b0                . = ALIGN (0x8)
 *fill*         0x1ffff0ac        0x4 
                0x1ffff0b0                __end__ = .
                0x1ffff0b0                PROVIDE (end, .)
                0x1ffff0b0                __HeapBase = .
                0x1ffff4b0                . = (. + HEAP_SIZE)
 *fill*         0x1ffff0b0      0x400 
                0x1ffff4b0                __HeapLimit = .

.stack          0x1ffff4b0      0x400 load address 0x00001bac
                0x1ffff4b0                . = ALIGN (0x8)
                0x1ffff8b0                . = (. + STACK_SIZE)
 *fill*         0x1ffff4b0      0x400 
                0x20003000                __StackTop = (ORIGIN (m_data) + 0x4000)
                0x20002c00                __StackLimit = (__StackTop - STACK_SIZE)
                0x20003000                PROVIDE (__stack, __StackTop)

.ARM.attributes
                0x00000000       0x28
 *(.ARM.attributes)
 .ARM.attributes
                0x00000000       0x1e c:/freescale/kds_v3/toolchain/bin/../lib/gcc/arm-none-eabi/4.8.4/armv6-m/crti.o
 .ARM.attributes
                0x0000001e       0x2c c:/freescale/kds_v3/toolchain/bin/../lib/gcc/arm-none-eabi/4.8.4/armv6-m/crtbegin.o
 .ARM.attributes
                0x0000004a       0x1b c:/freescale/kds_v3/toolchain/bin/../lib/gcc/arm-none-eabi/4.8.4/../../../../arm-none-eabi/lib/armv6-m/crt0.o
 .ARM.attributes
                0x00000065       0x32 ./Sources/circbuf.o
 .ARM.attributes
                0x00000097       0x32 ./Sources/conversion.o
 .ARM.attributes
                0x000000c9       0x32 ./Sources/main.o
 .ARM.attributes
                0x000000fb       0x32 ./Sources/port.o
 .ARM.attributes
                0x0000012d       0x32 ./Sources/project2.o
 .ARM.attributes
                0x0000015f       0x32 ./Sources/uart.o
 .ARM.attributes
                0x00000191       0x1b ./Project_Settings/Startup_Code/startup_MKL25Z4.o
 .ARM.attributes
                0x000001ac       0x32 ./Project_Settings/Startup_Code/system_MKL25Z4.o
 .ARM.attributes
                0x000001de       0x1e c:/freescale/kds_v3/toolchain/bin/../lib/gcc/arm-none-eabi/4.8.4/armv6-m\libgcc.a(_udivsi3.o)
 .ARM.attributes
                0x000001fc       0x1e c:/freescale/kds_v3/toolchain/bin/../lib/gcc/arm-none-eabi/4.8.4/armv6-m\libgcc.a(_dvmd_tls.o)
 .ARM.attributes
                0x0000021a       0x2c c:/freescale/kds_v3/toolchain/bin/../lib/gcc/arm-none-eabi/4.8.4/../../../../arm-none-eabi/lib/armv6-m\libg_s.a(lib_a-exit.o)
 .ARM.attributes
                0x00000246       0x2c c:/freescale/kds_v3/toolchain/bin/../lib/gcc/arm-none-eabi/4.8.4/../../../../arm-none-eabi/lib/armv6-m\libg_s.a(lib_a-impure.o)
 .ARM.attributes
                0x00000272       0x2c c:/freescale/kds_v3/toolchain/bin/../lib/gcc/arm-none-eabi/4.8.4/../../../../arm-none-eabi/lib/armv6-m\libg_s.a(lib_a-init.o)
 .ARM.attributes
                0x0000029e       0x2c c:/freescale/kds_v3/toolchain/bin/../lib/gcc/arm-none-eabi/4.8.4/../../../../arm-none-eabi/lib/armv6-m\libg_s.a(lib_a-malloc.o)
 .ARM.attributes
                0x000002ca       0x2c c:/freescale/kds_v3/toolchain/bin/../lib/gcc/arm-none-eabi/4.8.4/../../../../arm-none-eabi/lib/armv6-m\libg_s.a(lib_a-memset.o)
 .ARM.attributes
                0x000002f6       0x2c c:/freescale/kds_v3/toolchain/bin/../lib/gcc/arm-none-eabi/4.8.4/../../../../arm-none-eabi/lib/armv6-m\libg_s.a(lib_a-nano-mallocr.o)
 .ARM.attributes
                0x00000322       0x2c c:/freescale/kds_v3/toolchain/bin/../lib/gcc/arm-none-eabi/4.8.4/../../../../arm-none-eabi/lib/armv6-m\libg_s.a(lib_a-sbrkr.o)
 .ARM.attributes
                0x0000034e       0x2c c:/freescale/kds_v3/toolchain/bin/../lib/gcc/arm-none-eabi/4.8.4/../../../../arm-none-eabi/lib/armv6-m\libg_s.a(lib_a-findfp.o)
 .ARM.attributes
                0x0000037a       0x2c c:/freescale/kds_v3/toolchain/bin/../lib/gcc/arm-none-eabi/4.8.4/../../../../arm-none-eabi/lib/armv6-m\libg_s.a(lib_a-reent.o)
 .ARM.attributes
                0x000003a6       0x2c c:/freescale/kds_v3/toolchain/bin/../lib/gcc/arm-none-eabi/4.8.4/../../../../arm-none-eabi/lib/armv6-m\libnosys.a(sbrk.o)
 .ARM.attributes
                0x000003d2       0x2c c:/freescale/kds_v3/toolchain/bin/../lib/gcc/arm-none-eabi/4.8.4/../../../../arm-none-eabi/lib/armv6-m\libnosys.a(_exit.o)
 .ARM.attributes
                0x000003fe       0x2c c:/freescale/kds_v3/toolchain/bin/../lib/gcc/arm-none-eabi/4.8.4/armv6-m/crtend.o
 .ARM.attributes
                0x0000042a       0x1e c:/freescale/kds_v3/toolchain/bin/../lib/gcc/arm-none-eabi/4.8.4/armv6-m/crtn.o
                0x00000001                ASSERT ((__StackLimit >= __HeapLimit), region m_data overflowed with stack and heap)
OUTPUT(project2.elf elf32-littlearm)

.debug_info     0x00000000     0x1b91
 .debug_info    0x00000000      0x29e ./Sources/circbuf.o
 .debug_info    0x0000029e      0x1cc ./Sources/conversion.o
 .debug_info    0x0000046a       0x94 ./Sources/main.o
 .debug_info    0x000004fe      0x4c9 ./Sources/port.o
 .debug_info    0x000009c7      0x316 ./Sources/project2.o
 .debug_info    0x00000cdd      0xa37 ./Sources/uart.o
 .debug_info    0x00001714       0x90 ./Project_Settings/Startup_Code/startup_MKL25Z4.o
 .debug_info    0x000017a4      0x3ed ./Project_Settings/Startup_Code/system_MKL25Z4.o

.debug_abbrev   0x00000000      0x7c3
 .debug_abbrev  0x00000000      0x121 ./Sources/circbuf.o
 .debug_abbrev  0x00000121       0xa6 ./Sources/conversion.o
 .debug_abbrev  0x000001c7       0x56 ./Sources/main.o
 .debug_abbrev  0x0000021d      0x144 ./Sources/port.o
 .debug_abbrev  0x00000361      0x10c ./Sources/project2.o
 .debug_abbrev  0x0000046d      0x239 ./Sources/uart.o
 .debug_abbrev  0x000006a6       0x14 ./Project_Settings/Startup_Code/startup_MKL25Z4.o
 .debug_abbrev  0x000006ba      0x109 ./Project_Settings/Startup_Code/system_MKL25Z4.o

.debug_aranges  0x00000000      0x1c0
 .debug_aranges
                0x00000000       0x40 ./Sources/circbuf.o
 .debug_aranges
                0x00000040       0x28 ./Sources/conversion.o
 .debug_aranges
                0x00000068       0x20 ./Sources/main.o
 .debug_aranges
                0x00000088       0x58 ./Sources/port.o
 .debug_aranges
                0x000000e0       0x30 ./Sources/project2.o
 .debug_aranges
                0x00000110       0x68 ./Sources/uart.o
 .debug_aranges
                0x00000178       0x20 ./Project_Settings/Startup_Code/startup_MKL25Z4.o
 .debug_aranges
                0x00000198       0x28 ./Project_Settings/Startup_Code/system_MKL25Z4.o

.debug_ranges   0x00000000      0x130
 .debug_ranges  0x00000000       0x30 ./Sources/circbuf.o
 .debug_ranges  0x00000030       0x18 ./Sources/conversion.o
 .debug_ranges  0x00000048       0x10 ./Sources/main.o
 .debug_ranges  0x00000058       0x48 ./Sources/port.o
 .debug_ranges  0x000000a0       0x20 ./Sources/project2.o
 .debug_ranges  0x000000c0       0x58 ./Sources/uart.o
 .debug_ranges  0x00000118       0x18 ./Project_Settings/Startup_Code/system_MKL25Z4.o

.debug_macro    0x00000000     0xa658
 .debug_macro   0x00000000      0x17a ./Sources/circbuf.o
 .debug_macro   0x0000017a      0x80e ./Sources/circbuf.o
 .debug_macro   0x00000988       0x58 ./Sources/circbuf.o
 .debug_macro   0x000009e0       0x16 ./Sources/circbuf.o
 .debug_macro   0x000009f6       0x35 ./Sources/circbuf.o
 .debug_macro   0x00000a2b       0xa3 ./Sources/circbuf.o
 .debug_macro   0x00000ace       0x16 ./Sources/circbuf.o
 .debug_macro   0x00000ae4      0x10e ./Sources/circbuf.o
 .debug_macro   0x00000bf2       0x7f ./Sources/circbuf.o
 .debug_macro   0x00000c71       0x4a ./Sources/circbuf.o
 .debug_macro   0x00000cbb       0x52 ./Sources/circbuf.o
 .debug_macro   0x00000d0d       0x16 ./Sources/circbuf.o
 .debug_macro   0x00000d23       0x43 ./Sources/circbuf.o
 .debug_macro   0x00000d66      0x180 ./Sources/circbuf.o
 .debug_macro   0x00000ee6       0x22 ./Sources/circbuf.o
 .debug_macro   0x00000f08      0x20f ./Sources/circbuf.o
 .debug_macro   0x00001117       0x4c ./Sources/circbuf.o
 .debug_macro   0x00001163       0x3a ./Sources/circbuf.o
 .debug_macro   0x0000119d       0x26 ./Sources/circbuf.o
 .debug_macro   0x000011c3      0x306 ./Sources/circbuf.o
 .debug_macro   0x000014c9       0x63 ./Sources/circbuf.o
 .debug_macro   0x0000152c     0x839f ./Sources/circbuf.o
 .debug_macro   0x000098cb       0x1c ./Sources/circbuf.o
 .debug_macro   0x000098e7       0x35 ./Sources/circbuf.o
 .debug_macro   0x0000991c       0x10 ./Sources/circbuf.o
 .debug_macro   0x0000992c       0x10 ./Sources/circbuf.o
 .debug_macro   0x0000993c       0x22 ./Sources/circbuf.o
 .debug_macro   0x0000995e       0xbd ./Sources/circbuf.o
 .debug_macro   0x00009a1b       0x16 ./Sources/circbuf.o
 .debug_macro   0x00009a31      0x14a ./Sources/circbuf.o
 .debug_macro   0x00009b7b       0x10 ./Sources/circbuf.o
 .debug_macro   0x00009b8b      0x119 ./Sources/conversion.o
 .debug_macro   0x00009ca4       0x44 ./Sources/conversion.o
 .debug_macro   0x00009ce8      0x209 ./Sources/conversion.o
 .debug_macro   0x00009ef1       0x10 ./Sources/conversion.o
 .debug_macro   0x00009f01       0x16 ./Sources/conversion.o
 .debug_macro   0x00009f17       0x97 ./Sources/conversion.o
 .debug_macro   0x00009fae       0xef ./Sources/conversion.o
 .debug_macro   0x0000a09d       0x5b ./Sources/main.o
 .debug_macro   0x0000a0f8       0x34 ./Sources/main.o
 .debug_macro   0x0000a12c       0x9c ./Sources/port.o
 .debug_macro   0x0000a1c8       0x16 ./Sources/port.o
 .debug_macro   0x0000a1de       0x3a ./Sources/port.o
 .debug_macro   0x0000a218       0x52 ./Sources/port.o
 .debug_macro   0x0000a26a      0x1ab ./Sources/project2.o
 .debug_macro   0x0000a415       0x16 ./Sources/project2.o
 .debug_macro   0x0000a42b      0x1a3 ./Sources/uart.o
 .debug_macro   0x0000a5ce       0x8a ./Project_Settings/Startup_Code/system_MKL25Z4.o

.debug_line     0x00000000     0x146d
 .debug_line    0x00000000      0x369 ./Sources/circbuf.o
 .debug_line    0x00000369      0x2c4 ./Sources/conversion.o
 .debug_line    0x0000062d      0x190 ./Sources/main.o
 .debug_line    0x000007bd      0x258 ./Sources/port.o
 .debug_line    0x00000a15      0x353 ./Sources/project2.o
 .debug_line    0x00000d68      0x44a ./Sources/uart.o
 .debug_line    0x000011b2       0x7b ./Project_Settings/Startup_Code/startup_MKL25Z4.o
 .debug_line    0x0000122d      0x240 ./Project_Settings/Startup_Code/system_MKL25Z4.o

.debug_str      0x00000000    0x3435c
 .debug_str     0x00000000    0x33a70 ./Sources/circbuf.o
                              0x33ef7 (size before relaxing)
 .debug_str     0x00033a70       0x7c ./Sources/conversion.o
                               0x4dfe (size before relaxing)
 .debug_str     0x00033aec       0xcc ./Sources/main.o
                               0x2e6d (size before relaxing)
 .debug_str     0x00033bb8      0x36c ./Sources/port.o
                              0x32117 (size before relaxing)
 .debug_str     0x00033f24       0xa4 ./Sources/project2.o
                              0x34119 (size before relaxing)
 .debug_str     0x00033fc8      0x308 ./Sources/uart.o
                              0x34304 (size before relaxing)
 .debug_str     0x000342d0       0x8c ./Project_Settings/Startup_Code/system_MKL25Z4.o
                              0x31f21 (size before relaxing)

.comment        0x00000000       0x70
 .comment       0x00000000       0x70 ./Sources/circbuf.o
                                 0x71 (size before relaxing)
 .comment       0x00000000       0x71 ./Sources/conversion.o
 .comment       0x00000000       0x71 ./Sources/main.o
 .comment       0x00000000       0x71 ./Sources/port.o
 .comment       0x00000000       0x71 ./Sources/project2.o
 .comment       0x00000000       0x71 ./Sources/uart.o
 .comment       0x00000000       0x71 ./Project_Settings/Startup_Code/system_MKL25Z4.o

.debug_frame    0x00000000      0x748
 .debug_frame   0x00000000       0xb0 ./Sources/circbuf.o
 .debug_frame   0x000000b0       0x50 ./Sources/conversion.o
 .debug_frame   0x00000100       0x2c ./Sources/main.o
 .debug_frame   0x0000012c      0x10c ./Sources/port.o
 .debug_frame   0x00000238       0x74 ./Sources/project2.o
 .debug_frame   0x000002ac      0x154 ./Sources/uart.o
 .debug_frame   0x00000400       0x4c ./Project_Settings/Startup_Code/system_MKL25Z4.o
 .debug_frame   0x0000044c       0x20 c:/freescale/kds_v3/toolchain/bin/../lib/gcc/arm-none-eabi/4.8.4/armv6-m\libgcc.a(_udivsi3.o)
 .debug_frame   0x0000046c       0x28 c:/freescale/kds_v3/toolchain/bin/../lib/gcc/arm-none-eabi/4.8.4/../../../../arm-none-eabi/lib/armv6-m\libg_s.a(lib_a-exit.o)
 .debug_frame   0x00000494       0x2c c:/freescale/kds_v3/toolchain/bin/../lib/gcc/arm-none-eabi/4.8.4/../../../../arm-none-eabi/lib/armv6-m\libg_s.a(lib_a-init.o)
 .debug_frame   0x000004c0       0x40 c:/freescale/kds_v3/toolchain/bin/../lib/gcc/arm-none-eabi/4.8.4/../../../../arm-none-eabi/lib/armv6-m\libg_s.a(lib_a-malloc.o)
 .debug_frame   0x00000500       0x20 c:/freescale/kds_v3/toolchain/bin/../lib/gcc/arm-none-eabi/4.8.4/../../../../arm-none-eabi/lib/armv6-m\libg_s.a(lib_a-memset.o)
 .debug_frame   0x00000520       0x2c c:/freescale/kds_v3/toolchain/bin/../lib/gcc/arm-none-eabi/4.8.4/../../../../arm-none-eabi/lib/armv6-m\libg_s.a(lib_a-nano-mallocr.o)
 .debug_frame   0x0000054c       0x2c c:/freescale/kds_v3/toolchain/bin/../lib/gcc/arm-none-eabi/4.8.4/../../../../arm-none-eabi/lib/armv6-m\libg_s.a(lib_a-sbrkr.o)
 .debug_frame   0x00000578      0x148 c:/freescale/kds_v3/toolchain/bin/../lib/gcc/arm-none-eabi/4.8.4/../../../../arm-none-eabi/lib/armv6-m\libg_s.a(lib_a-findfp.o)
 .debug_frame   0x000006c0       0x48 c:/freescale/kds_v3/toolchain/bin/../lib/gcc/arm-none-eabi/4.8.4/../../../../arm-none-eabi/lib/armv6-m\libg_s.a(lib_a-reent.o)
 .debug_frame   0x00000708       0x20 c:/freescale/kds_v3/toolchain/bin/../lib/gcc/arm-none-eabi/4.8.4/../../../../arm-none-eabi/lib/armv6-m\libnosys.a(sbrk.o)
 .debug_frame   0x00000728       0x20 c:/freescale/kds_v3/toolchain/bin/../lib/gcc/arm-none-eabi/4.8.4/../../../../arm-none-eabi/lib/armv6-m\libnosys.a(_exit.o)

.stabstr        0x00000000      0x14d
 .stabstr       0x00000000      0x14d c:/freescale/kds_v3/toolchain/bin/../lib/gcc/arm-none-eabi/4.8.4/../../../../arm-none-eabi/lib/armv6-m\libnosys.a(close.o)
